Archive member included to satisfy reference by file (symbol)

/usr/lib/gcc/avr/10.2.0/avr5/libgcc.a(_exit.o)
                              /usr/lib/gcc/avr/10.2.0/../../../../avr/lib/avr5/crtatmega328pb.o (exit)
/usr/lib/gcc/avr/10.2.0/avr5/libgcc.a(_copy_data.o)
                              main.o (__do_copy_data)

Memory Configuration

Name             Origin             Length             Attributes
text             0x0000000000000000 0x0000000000008000 xr
data             0x0000000000800060 0x0000000000000800 rw !x
eeprom           0x0000000000810000 0x0000000000000400 rw !x
fuse             0x0000000000820000 0x0000000000000003 rw !x
lock             0x0000000000830000 0x0000000000000400 rw !x
signature        0x0000000000840000 0x0000000000000400 rw !x
user_signatures  0x0000000000850000 0x0000000000000400 rw !x
*default*        0x0000000000000000 0xffffffffffffffff

Linker script and memory map

Address of section .data set to 0x800100
LOAD /usr/lib/gcc/avr/10.2.0/../../../../avr/lib/avr5/crtatmega328pb.o
LOAD main.o
LOAD /usr/lib/gcc/avr/10.2.0/../../../../avr/lib/avr5/libm.a
START GROUP
LOAD /usr/lib/gcc/avr/10.2.0/avr5/libgcc.a
LOAD /usr/lib/gcc/avr/10.2.0/../../../../avr/lib/avr5/libm.a
LOAD /usr/lib/gcc/avr/10.2.0/../../../../avr/lib/avr5/libc.a
LOAD /usr/lib/gcc/avr/10.2.0/../../../../avr/lib/avr5/libatmega328pb.a
END GROUP
                [0x0000000000008000]                __TEXT_REGION_LENGTH__ = DEFINED (__TEXT_REGION_LENGTH__)?__TEXT_REGION_LENGTH__:0x20000
                [0x0000000000000800]                __DATA_REGION_LENGTH__ = DEFINED (__DATA_REGION_LENGTH__)?__DATA_REGION_LENGTH__:0xffa0
                [0x0000000000000400]                __EEPROM_REGION_LENGTH__ = DEFINED (__EEPROM_REGION_LENGTH__)?__EEPROM_REGION_LENGTH__:0x10000
                [0x0000000000000003]                __FUSE_REGION_LENGTH__ = DEFINED (__FUSE_REGION_LENGTH__)?__FUSE_REGION_LENGTH__:0x400
                0x0000000000000400                __LOCK_REGION_LENGTH__ = DEFINED (__LOCK_REGION_LENGTH__)?__LOCK_REGION_LENGTH__:0x400
                0x0000000000000400                __SIGNATURE_REGION_LENGTH__ = DEFINED (__SIGNATURE_REGION_LENGTH__)?__SIGNATURE_REGION_LENGTH__:0x400
                0x0000000000000400                __USER_SIGNATURE_REGION_LENGTH__ = DEFINED (__USER_SIGNATURE_REGION_LENGTH__)?__USER_SIGNATURE_REGION_LENGTH__:0x400

.hash
 *(.hash)

.dynsym
 *(.dynsym)

.dynstr
 *(.dynstr)

.gnu.version
 *(.gnu.version)

.gnu.version_d
 *(.gnu.version_d)

.gnu.version_r
 *(.gnu.version_r)

.rel.init
 *(.rel.init)

.rela.init
 *(.rela.init)

.rel.text
 *(.rel.text)
 *(.rel.text.*)
 *(.rel.gnu.linkonce.t*)

.rela.text
 *(.rela.text)
 *(.rela.text.*)
 *(.rela.gnu.linkonce.t*)

.rel.fini
 *(.rel.fini)

.rela.fini
 *(.rela.fini)

.rel.rodata
 *(.rel.rodata)
 *(.rel.rodata.*)
 *(.rel.gnu.linkonce.r*)

.rela.rodata
 *(.rela.rodata)
 *(.rela.rodata.*)
 *(.rela.gnu.linkonce.r*)

.rel.data
 *(.rel.data)
 *(.rel.data.*)
 *(.rel.gnu.linkonce.d*)

.rela.data
 *(.rela.data)
 *(.rela.data.*)
 *(.rela.gnu.linkonce.d*)

.rel.ctors
 *(.rel.ctors)

.rela.ctors
 *(.rela.ctors)

.rel.dtors
 *(.rel.dtors)

.rela.dtors
 *(.rela.dtors)

.rel.got
 *(.rel.got)

.rela.got
 *(.rela.got)

.rel.bss
 *(.rel.bss)

.rela.bss
 *(.rela.bss)

.rel.plt
 *(.rel.plt)

.rela.plt
 *(.rela.plt)

.text           0x0000000000000000      0xee6
 *(.vectors)
 .vectors       0x0000000000000000       0xb4 /usr/lib/gcc/avr/10.2.0/../../../../avr/lib/avr5/crtatmega328pb.o
                0x0000000000000000                __vectors
                0x0000000000000000                __vector_default
 *(.vectors)
 *(.progmem.gcc*)
                0x00000000000000b4                . = ALIGN (0x2)
                0x00000000000000b4                __trampolines_start = .
 *(.trampolines)
 .trampolines   0x00000000000000b4        0x0 linker stubs
 *(.trampolines*)
                0x00000000000000b4                __trampolines_end = .
 *libprintf_flt.a:*(.progmem.data)
 *libc.a:*(.progmem.data)
 *(.progmem.*)
 .progmem.data  0x00000000000000b4      0x93c main.o
                0x00000000000000b4                font14
                0x00000000000005a0                font8
                0x0000000000000870                pic
                0x00000000000009f0                . = ALIGN (0x2)
 *(.lowtext)
 *(.lowtext*)
                0x00000000000009f0                __ctors_start = .
 *(.ctors)
                0x00000000000009f0                __ctors_end = .
                0x00000000000009f0                __dtors_start = .
 *(.dtors)
                0x00000000000009f0                __dtors_end = .
 SORT_BY_NAME(*)(.ctors)
 SORT_BY_NAME(*)(.dtors)
 *(.init0)
 .init0         0x00000000000009f0        0x0 /usr/lib/gcc/avr/10.2.0/../../../../avr/lib/avr5/crtatmega328pb.o
                0x00000000000009f0                __init
 *(.init0)
 *(.init1)
 *(.init1)
 *(.init2)
 .init2         0x00000000000009f0        0xc /usr/lib/gcc/avr/10.2.0/../../../../avr/lib/avr5/crtatmega328pb.o
 *(.init2)
 *(.init3)
 *(.init3)
 *(.init4)
 .init4         0x00000000000009fc       0x16 /usr/lib/gcc/avr/10.2.0/avr5/libgcc.a(_copy_data.o)
                0x00000000000009fc                __do_copy_data
 *(.init4)
 *(.init5)
 *(.init5)
 *(.init6)
 *(.init6)
 *(.init7)
 *(.init7)
 *(.init8)
 *(.init8)
 *(.init9)
 .init9         0x0000000000000a12        0x8 /usr/lib/gcc/avr/10.2.0/../../../../avr/lib/avr5/crtatmega328pb.o
 *(.init9)
 *(.text)
 .text          0x0000000000000a1a        0x4 /usr/lib/gcc/avr/10.2.0/../../../../avr/lib/avr5/crtatmega328pb.o
                0x0000000000000a1a                __vector_38
                0x0000000000000a1a                __vector_22
                0x0000000000000a1a                __vector_28
                0x0000000000000a1a                __vector_1
                0x0000000000000a1a                __vector_32
                0x0000000000000a1a                __vector_34
                0x0000000000000a1a                __vector_24
                0x0000000000000a1a                __vector_12
                0x0000000000000a1a                __bad_interrupt
                0x0000000000000a1a                __vector_6
                0x0000000000000a1a                __vector_31
                0x0000000000000a1a                __vector_35
                0x0000000000000a1a                __vector_39
                0x0000000000000a1a                __vector_3
                0x0000000000000a1a                __vector_23
                0x0000000000000a1a                __vector_30
                0x0000000000000a1a                __vector_25
                0x0000000000000a1a                __vector_11
                0x0000000000000a1a                __vector_13
                0x0000000000000a1a                __vector_17
                0x0000000000000a1a                __vector_19
                0x0000000000000a1a                __vector_7
                0x0000000000000a1a                __vector_41
                0x0000000000000a1a                __vector_43
                0x0000000000000a1a                __vector_27
                0x0000000000000a1a                __vector_5
                0x0000000000000a1a                __vector_33
                0x0000000000000a1a                __vector_37
                0x0000000000000a1a                __vector_4
                0x0000000000000a1a                __vector_44
                0x0000000000000a1a                __vector_9
                0x0000000000000a1a                __vector_2
                0x0000000000000a1a                __vector_21
                0x0000000000000a1a                __vector_15
                0x0000000000000a1a                __vector_36
                0x0000000000000a1a                __vector_29
                0x0000000000000a1a                __vector_40
                0x0000000000000a1a                __vector_8
                0x0000000000000a1a                __vector_26
                0x0000000000000a1a                __vector_14
                0x0000000000000a1a                __vector_10
                0x0000000000000a1a                __vector_16
                0x0000000000000a1a                __vector_18
                0x0000000000000a1a                __vector_20
                0x0000000000000a1a                __vector_42
 .text          0x0000000000000a1e      0x468 main.o
                0x0000000000000a1e                SPI_MasterInit
                0x0000000000000a24                SPI_MasterTransmit
                0x0000000000000a2e                send_data
                0x0000000000000a3e                send_command
                0x0000000000000a4e                Set_Page_Address
                0x0000000000000a60                Set_Column_Address
                0x0000000000000a8a                Set_Contrast_Control_Register
                0x0000000000000aaa                Display_Picture
                0x0000000000000b0e                Display_Clear
                0x0000000000000b5e                Char_Position
                0x0000000000000ba2                Display_Init
                0x0000000000000d26                Write_Char
                0x0000000000000d6a                Write_String
 .text          0x0000000000000e86        0x0 /usr/lib/gcc/avr/10.2.0/avr5/libgcc.a(_exit.o)
 .text          0x0000000000000e86        0x0 /usr/lib/gcc/avr/10.2.0/avr5/libgcc.a(_copy_data.o)
                0x0000000000000e86                . = ALIGN (0x2)
 *(.text.*)
 .text.startup  0x0000000000000e86       0x5c main.o
                0x0000000000000e86                main
 .text.libgcc.mul
                0x0000000000000ee2        0x0 /usr/lib/gcc/avr/10.2.0/avr5/libgcc.a(_exit.o)
 .text.libgcc.div
                0x0000000000000ee2        0x0 /usr/lib/gcc/avr/10.2.0/avr5/libgcc.a(_exit.o)
 .text.libgcc   0x0000000000000ee2        0x0 /usr/lib/gcc/avr/10.2.0/avr5/libgcc.a(_exit.o)
 .text.libgcc.prologue
                0x0000000000000ee2        0x0 /usr/lib/gcc/avr/10.2.0/avr5/libgcc.a(_exit.o)
 .text.libgcc.builtins
                0x0000000000000ee2        0x0 /usr/lib/gcc/avr/10.2.0/avr5/libgcc.a(_exit.o)
 .text.libgcc.fmul
                0x0000000000000ee2        0x0 /usr/lib/gcc/avr/10.2.0/avr5/libgcc.a(_exit.o)
 .text.libgcc.fixed
                0x0000000000000ee2        0x0 /usr/lib/gcc/avr/10.2.0/avr5/libgcc.a(_exit.o)
 .text.libgcc.mul
                0x0000000000000ee2        0x0 /usr/lib/gcc/avr/10.2.0/avr5/libgcc.a(_copy_data.o)
 .text.libgcc.div
                0x0000000000000ee2        0x0 /usr/lib/gcc/avr/10.2.0/avr5/libgcc.a(_copy_data.o)
 .text.libgcc   0x0000000000000ee2        0x0 /usr/lib/gcc/avr/10.2.0/avr5/libgcc.a(_copy_data.o)
 .text.libgcc.prologue
                0x0000000000000ee2        0x0 /usr/lib/gcc/avr/10.2.0/avr5/libgcc.a(_copy_data.o)
 .text.libgcc.builtins
                0x0000000000000ee2        0x0 /usr/lib/gcc/avr/10.2.0/avr5/libgcc.a(_copy_data.o)
 .text.libgcc.fmul
                0x0000000000000ee2        0x0 /usr/lib/gcc/avr/10.2.0/avr5/libgcc.a(_copy_data.o)
 .text.libgcc.fixed
                0x0000000000000ee2        0x0 /usr/lib/gcc/avr/10.2.0/avr5/libgcc.a(_copy_data.o)
                0x0000000000000ee2                . = ALIGN (0x2)
 *(.fini9)
 .fini9         0x0000000000000ee2        0x0 /usr/lib/gcc/avr/10.2.0/avr5/libgcc.a(_exit.o)
                0x0000000000000ee2                exit
                0x0000000000000ee2                _exit
 *(.fini9)
 *(.fini8)
 *(.fini8)
 *(.fini7)
 *(.fini7)
 *(.fini6)
 *(.fini6)
 *(.fini5)
 *(.fini5)
 *(.fini4)
 *(.fini4)
 *(.fini3)
 *(.fini3)
 *(.fini2)
 *(.fini2)
 *(.fini1)
 *(.fini1)
 *(.fini0)
 .fini0         0x0000000000000ee2        0x4 /usr/lib/gcc/avr/10.2.0/avr5/libgcc.a(_exit.o)
 *(.fini0)
 *(.hightext)
 *(.hightext*)
 *(.progmemx.*)
                0x0000000000000ee6                . = ALIGN (0x2)
 *(.jumptables)
 *(.jumptables*)
                0x0000000000000ee6                _etext = .

.data           0x0000000000800100       0x1c load address 0x0000000000000ee6
                0x0000000000800100                PROVIDE (__data_start = .)
 *(.data)
 .data          0x0000000000800100        0x0 /usr/lib/gcc/avr/10.2.0/../../../../avr/lib/avr5/crtatmega328pb.o
 .data          0x0000000000800100        0x0 main.o
 .data          0x0000000000800100        0x0 /usr/lib/gcc/avr/10.2.0/avr5/libgcc.a(_exit.o)
 .data          0x0000000000800100        0x0 /usr/lib/gcc/avr/10.2.0/avr5/libgcc.a(_copy_data.o)
 *(.data*)
 *(.gnu.linkonce.d*)
 *(.rodata)
 *(.rodata*)
 .rodata.str1.1
                0x0000000000800100       0x1b main.o
 *(.gnu.linkonce.r*)
                0x000000000080011c                . = ALIGN (0x2)
 *fill*         0x000000000080011b        0x1 
                0x000000000080011c                _edata = .
                0x000000000080011c                PROVIDE (__data_end = .)

.bss            0x000000000080011c        0x0
                [!provide]                        PROVIDE (__bss_start = .)
 *(.bss)
 .bss           0x000000000080011c        0x0 /usr/lib/gcc/avr/10.2.0/../../../../avr/lib/avr5/crtatmega328pb.o
 .bss           0x000000000080011c        0x0 main.o
 .bss           0x000000000080011c        0x0 /usr/lib/gcc/avr/10.2.0/avr5/libgcc.a(_exit.o)
 .bss           0x000000000080011c        0x0 /usr/lib/gcc/avr/10.2.0/avr5/libgcc.a(_copy_data.o)
 *(.bss*)
 *(COMMON)
                [!provide]                        PROVIDE (__bss_end = .)
                0x0000000000000ee6                __data_load_start = LOADADDR (.data)
                0x0000000000000f02                __data_load_end = (__data_load_start + SIZEOF (.data))

.noinit         0x000000000080011c        0x0
                [!provide]                        PROVIDE (__noinit_start = .)
 *(.noinit*)
                [!provide]                        PROVIDE (__noinit_end = .)
                0x000000000080011c                _end = .
                [!provide]                        PROVIDE (__heap_start = .)

.eeprom         0x0000000000810000        0x0
 *(.eeprom*)
                0x0000000000810000                __eeprom_end = .

.fuse
 *(.fuse)
 *(.lfuse)
 *(.hfuse)
 *(.efuse)

.lock
 *(.lock*)

.signature
 *(.signature*)

.stab
 *(.stab)

.stabstr
 *(.stabstr)

.stab.excl
 *(.stab.excl)

.stab.exclstr
 *(.stab.exclstr)

.stab.index
 *(.stab.index)

.stab.indexstr
 *(.stab.indexstr)

.comment        0x0000000000000000       0x12
 *(.comment)
 .comment       0x0000000000000000       0x12 main.o
                                         0x13 (size before relaxing)

.note.gnu.avr.deviceinfo
                0x0000000000000000       0x40
 .note.gnu.avr.deviceinfo
                0x0000000000000000       0x40 /usr/lib/gcc/avr/10.2.0/../../../../avr/lib/avr5/crtatmega328pb.o

.note.gnu.build-id
 *(.note.gnu.build-id)

.debug
 *(.debug)

.line
 *(.line)

.debug_srcinfo
 *(.debug_srcinfo)

.debug_sfnames
 *(.debug_sfnames)

.debug_aranges  0x0000000000000000       0x28
 *(.debug_aranges)
 .debug_aranges
                0x0000000000000000       0x28 main.o

.debug_pubnames
 *(.debug_pubnames)

.debug_info     0x0000000000000000     0x2041
 *(.debug_info .gnu.linkonce.wi.*)
 .debug_info    0x0000000000000000      0x8ea /usr/lib/gcc/avr/10.2.0/../../../../avr/lib/avr5/crtatmega328pb.o
 .debug_info    0x00000000000008ea     0x1757 main.o

.debug_abbrev   0x0000000000000000      0xb2f
 *(.debug_abbrev)
 .debug_abbrev  0x0000000000000000      0x86e /usr/lib/gcc/avr/10.2.0/../../../../avr/lib/avr5/crtatmega328pb.o
 .debug_abbrev  0x000000000000086e      0x2c1 main.o

.debug_line     0x0000000000000000     0x1fe1
 *(.debug_line .debug_line.* .debug_line_end)
 .debug_line    0x0000000000000000      0x1a6 /usr/lib/gcc/avr/10.2.0/../../../../avr/lib/avr5/crtatmega328pb.o
 .debug_line    0x00000000000001a6     0x1e3b main.o

.debug_frame    0x0000000000000000      0x11c
 *(.debug_frame)
 .debug_frame   0x0000000000000000      0x11c main.o

.debug_str      0x0000000000000000      0x593
 *(.debug_str)
 .debug_str     0x0000000000000000      0x318 /usr/lib/gcc/avr/10.2.0/../../../../avr/lib/avr5/crtatmega328pb.o
 .debug_str     0x0000000000000318      0x27b main.o
                                        0x2c1 (size before relaxing)

.debug_loc      0x0000000000000000     0x1087
 *(.debug_loc)
 .debug_loc     0x0000000000000000     0x1087 main.o

.debug_macinfo
 *(.debug_macinfo)

.debug_weaknames
 *(.debug_weaknames)

.debug_funcnames
 *(.debug_funcnames)

.debug_typenames
 *(.debug_typenames)

.debug_varnames
 *(.debug_varnames)

.debug_pubtypes
 *(.debug_pubtypes)

.debug_ranges   0x0000000000000000      0x200
 *(.debug_ranges)
 .debug_ranges  0x0000000000000000      0x200 main.o

.debug_macro
 *(.debug_macro)

.debug_addr
 *(.debug_addr)
OUTPUT(main.elf elf32-avr)
LOAD linker stubs

Cross Reference Table

Symbol                                            File
Char_Position                                     main.o
Display_Clear                                     main.o
Display_Init                                      main.o
Display_Picture                                   main.o
SPI_MasterInit                                    main.o
SPI_MasterTransmit                                main.o
Set_Column_Address                                main.o
Set_Contrast_Control_Register                     main.o
Set_Page_Address                                  main.o
Write_Char                                        main.o
Write_String                                      main.o
__DATA_REGION_LENGTH__                            /usr/lib/gcc/avr/10.2.0/../../../../avr/lib/avr5/crtatmega328pb.o
__DATA_REGION_ORIGIN__                            /usr/lib/gcc/avr/10.2.0/../../../../avr/lib/avr5/crtatmega328pb.o
__EEPROM_REGION_LENGTH__                          /usr/lib/gcc/avr/10.2.0/../../../../avr/lib/avr5/crtatmega328pb.o
__FUSE_REGION_LENGTH__                            /usr/lib/gcc/avr/10.2.0/../../../../avr/lib/avr5/crtatmega328pb.o
__TEXT_REGION_LENGTH__                            /usr/lib/gcc/avr/10.2.0/../../../../avr/lib/avr5/crtatmega328pb.o
__TEXT_REGION_ORIGIN__                            /usr/lib/gcc/avr/10.2.0/../../../../avr/lib/avr5/crtatmega328pb.o
__bad_interrupt                                   /usr/lib/gcc/avr/10.2.0/../../../../avr/lib/avr5/crtatmega328pb.o
__data_end                                        /usr/lib/gcc/avr/10.2.0/avr5/libgcc.a(_copy_data.o)
__data_load_start                                 /usr/lib/gcc/avr/10.2.0/avr5/libgcc.a(_copy_data.o)
__data_start                                      /usr/lib/gcc/avr/10.2.0/avr5/libgcc.a(_copy_data.o)
__do_copy_data                                    /usr/lib/gcc/avr/10.2.0/avr5/libgcc.a(_copy_data.o)
                                                  main.o
__heap_end                                        /usr/lib/gcc/avr/10.2.0/../../../../avr/lib/avr5/crtatmega328pb.o
__init                                            /usr/lib/gcc/avr/10.2.0/../../../../avr/lib/avr5/crtatmega328pb.o
__stack                                           /usr/lib/gcc/avr/10.2.0/../../../../avr/lib/avr5/crtatmega328pb.o
__vector_1                                        /usr/lib/gcc/avr/10.2.0/../../../../avr/lib/avr5/crtatmega328pb.o
__vector_10                                       /usr/lib/gcc/avr/10.2.0/../../../../avr/lib/avr5/crtatmega328pb.o
__vector_11                                       /usr/lib/gcc/avr/10.2.0/../../../../avr/lib/avr5/crtatmega328pb.o
__vector_12                                       /usr/lib/gcc/avr/10.2.0/../../../../avr/lib/avr5/crtatmega328pb.o
__vector_13                                       /usr/lib/gcc/avr/10.2.0/../../../../avr/lib/avr5/crtatmega328pb.o
__vector_14                                       /usr/lib/gcc/avr/10.2.0/../../../../avr/lib/avr5/crtatmega328pb.o
__vector_15                                       /usr/lib/gcc/avr/10.2.0/../../../../avr/lib/avr5/crtatmega328pb.o
__vector_16                                       /usr/lib/gcc/avr/10.2.0/../../../../avr/lib/avr5/crtatmega328pb.o
__vector_17                                       /usr/lib/gcc/avr/10.2.0/../../../../avr/lib/avr5/crtatmega328pb.o
__vector_18                                       /usr/lib/gcc/avr/10.2.0/../../../../avr/lib/avr5/crtatmega328pb.o
__vector_19                                       /usr/lib/gcc/avr/10.2.0/../../../../avr/lib/avr5/crtatmega328pb.o
__vector_2                                        /usr/lib/gcc/avr/10.2.0/../../../../avr/lib/avr5/crtatmega328pb.o
__vector_20                                       /usr/lib/gcc/avr/10.2.0/../../../../avr/lib/avr5/crtatmega328pb.o
__vector_21                                       /usr/lib/gcc/avr/10.2.0/../../../../avr/lib/avr5/crtatmega328pb.o
__vector_22                                       /usr/lib/gcc/avr/10.2.0/../../../../avr/lib/avr5/crtatmega328pb.o
__vector_23                                       /usr/lib/gcc/avr/10.2.0/../../../../avr/lib/avr5/crtatmega328pb.o
__vector_24                                       /usr/lib/gcc/avr/10.2.0/../../../../avr/lib/avr5/crtatmega328pb.o
__vector_25                                       /usr/lib/gcc/avr/10.2.0/../../../../avr/lib/avr5/crtatmega328pb.o
__vector_26                                       /usr/lib/gcc/avr/10.2.0/../../../../avr/lib/avr5/crtatmega328pb.o
__vector_27                                       /usr/lib/gcc/avr/10.2.0/../../../../avr/lib/avr5/crtatmega328pb.o
__vector_28                                       /usr/lib/gcc/avr/10.2.0/../../../../avr/lib/avr5/crtatmega328pb.o
__vector_29                                       /usr/lib/gcc/avr/10.2.0/../../../../avr/lib/avr5/crtatmega328pb.o
__vector_3                                        /usr/lib/gcc/avr/10.2.0/../../../../avr/lib/avr5/crtatmega328pb.o
__vector_30                                       /usr/lib/gcc/avr/10.2.0/../../../../avr/lib/avr5/crtatmega328pb.o
__vector_31                                       /usr/lib/gcc/avr/10.2.0/../../../../avr/lib/avr5/crtatmega328pb.o
__vector_32                                       /usr/lib/gcc/avr/10.2.0/../../../../avr/lib/avr5/crtatmega328pb.o
__vector_33                                       /usr/lib/gcc/avr/10.2.0/../../../../avr/lib/avr5/crtatmega328pb.o
__vector_34                                       /usr/lib/gcc/avr/10.2.0/../../../../avr/lib/avr5/crtatmega328pb.o
__vector_35                                       /usr/lib/gcc/avr/10.2.0/../../../../avr/lib/avr5/crtatmega328pb.o
__vector_36                                       /usr/lib/gcc/avr/10.2.0/../../../../avr/lib/avr5/crtatmega328pb.o
__vector_37                                       /usr/lib/gcc/avr/10.2.0/../../../../avr/lib/avr5/crtatmega328pb.o
__vector_38                                       /usr/lib/gcc/avr/10.2.0/../../../../avr/lib/avr5/crtatmega328pb.o
__vector_39                                       /usr/lib/gcc/avr/10.2.0/../../../../avr/lib/avr5/crtatmega328pb.o
__vector_4                                        /usr/lib/gcc/avr/10.2.0/../../../../avr/lib/avr5/crtatmega328pb.o
__vector_40                                       /usr/lib/gcc/avr/10.2.0/../../../../avr/lib/avr5/crtatmega328pb.o
__vector_41                                       /usr/lib/gcc/avr/10.2.0/../../../../avr/lib/avr5/crtatmega328pb.o
__vector_42                                       /usr/lib/gcc/avr/10.2.0/../../../../avr/lib/avr5/crtatmega328pb.o
__vector_43                                       /usr/lib/gcc/avr/10.2.0/../../../../avr/lib/avr5/crtatmega328pb.o
__vector_44                                       /usr/lib/gcc/avr/10.2.0/../../../../avr/lib/avr5/crtatmega328pb.o
__vector_5                                        /usr/lib/gcc/avr/10.2.0/../../../../avr/lib/avr5/crtatmega328pb.o
__vector_6                                        /usr/lib/gcc/avr/10.2.0/../../../../avr/lib/avr5/crtatmega328pb.o
__vector_7                                        /usr/lib/gcc/avr/10.2.0/../../../../avr/lib/avr5/crtatmega328pb.o
__vector_8                                        /usr/lib/gcc/avr/10.2.0/../../../../avr/lib/avr5/crtatmega328pb.o
__vector_9                                        /usr/lib/gcc/avr/10.2.0/../../../../avr/lib/avr5/crtatmega328pb.o
__vector_default                                  /usr/lib/gcc/avr/10.2.0/../../../../avr/lib/avr5/crtatmega328pb.o
__vectors                                         /usr/lib/gcc/avr/10.2.0/../../../../avr/lib/avr5/crtatmega328pb.o
_exit                                             /usr/lib/gcc/avr/10.2.0/avr5/libgcc.a(_exit.o)
exit                                              /usr/lib/gcc/avr/10.2.0/avr5/libgcc.a(_exit.o)
                                                  /usr/lib/gcc/avr/10.2.0/../../../../avr/lib/avr5/crtatmega328pb.o
font14                                            main.o
font8                                             main.o
main                                              main.o
                                                  /usr/lib/gcc/avr/10.2.0/../../../../avr/lib/avr5/crtatmega328pb.o
pic                                               main.o
send_command                                      main.o
send_data                                         main.o
