   1               		.file	"spi.c"
   2               	__SP_H__ = 0x3e
   3               	__SP_L__ = 0x3d
   4               	__SREG__ = 0x3f
   5               	__tmp_reg__ = 0
   6               	__zero_reg__ = 1
   7               		.text
   8               	.Ltext0:
   9               		.cfi_sections	.debug_frame
  10               	.global	SPI_MasterInit
  12               	SPI_MasterInit:
  13               	.LFB5:
  14               		.file 1 "spi.c"
   1:spi.c         **** #include "spi.h"
   2:spi.c         **** 
   3:spi.c         **** 
   4:spi.c         **** void SPI_MasterInit(void)
   5:spi.c         **** {
  15               		.loc 1 5 1 view -0
  16               		.cfi_startproc
  17               	/* prologue: function */
  18               	/* frame size = 0 */
  19               	/* stack size = 0 */
  20               	.L__stack_usage = 0
   6:spi.c         **** 	/* Set MOSI and SCK output, all others input */
   7:spi.c         **** 	//DDRB = (1<<MOSI)|(1<<SCK);
   8:spi.c         **** 	/* Enable SPI, Master, set clock rate fck/16 */
   9:spi.c         **** 	SPCR0 = (1<<SPE)|(1<<MSTR)|(1<<SPR0);
  21               		.loc 1 9 2 view .LVU1
  22               		.loc 1 9 8 is_stmt 0 view .LVU2
  23 0000 81E5      		ldi r24,lo8(81)
  24 0002 8CBD      		out 0x2c,r24
  25               	/* epilogue start */
  10:spi.c         **** }
  26               		.loc 1 10 1 view .LVU3
  27 0004 0895      		ret
  28               		.cfi_endproc
  29               	.LFE5:
  31               	.global	SPI_MasterTransmit
  33               	SPI_MasterTransmit:
  34               	.LVL0:
  35               	.LFB6:
  11:spi.c         **** void SPI_MasterTransmit(char cData)
  12:spi.c         **** {
  36               		.loc 1 12 1 is_stmt 1 view -0
  37               		.cfi_startproc
  38               	/* prologue: function */
  39               	/* frame size = 0 */
  40               	/* stack size = 0 */
  41               	.L__stack_usage = 0
  13:spi.c         **** 	/* Start transmission */
  14:spi.c         **** 	SPDR0 = cData;
  42               		.loc 1 14 2 view .LVU5
  43               		.loc 1 14 8 is_stmt 0 view .LVU6
  44 0006 8EBD      		out 0x2e,r24
  15:spi.c         **** 	/* Wait for transmission complete */
  16:spi.c         **** 	while(!(SPSR0 & (1<<SPIF)));
  45               		.loc 1 16 2 is_stmt 1 view .LVU7
  46               	.L4:
  47               		.loc 1 16 29 discriminator 1 view .LVU8
  48               		.loc 1 16 7 discriminator 1 view .LVU9
  49 0008 0DB4      		in __tmp_reg__,0x2d
  50 000a 07FE      		sbrs __tmp_reg__,7
  51 000c 00C0      		rjmp .L4
  52               	/* epilogue start */
  17:spi.c         **** }
  53               		.loc 1 17 1 is_stmt 0 view .LVU10
  54 000e 0895      		ret
  55               		.cfi_endproc
  56               	.LFE6:
  58               	.Letext0:
  59               		.file 2 "/usr/avr/include/stdint.h"
DEFINED SYMBOLS
                            *ABS*:0000000000000000 spi.c
     /tmp/cc9ZGdg3.s:2      *ABS*:000000000000003e __SP_H__
     /tmp/cc9ZGdg3.s:3      *ABS*:000000000000003d __SP_L__
     /tmp/cc9ZGdg3.s:4      *ABS*:000000000000003f __SREG__
     /tmp/cc9ZGdg3.s:5      *ABS*:0000000000000000 __tmp_reg__
     /tmp/cc9ZGdg3.s:6      *ABS*:0000000000000001 __zero_reg__
     /tmp/cc9ZGdg3.s:12     .text:0000000000000000 SPI_MasterInit
     /tmp/cc9ZGdg3.s:33     .text:0000000000000006 SPI_MasterTransmit

NO UNDEFINED SYMBOLS
